
> react-example@0.0.0 build
> vite build && esbuild server.ts --bundle --platform=node --format=cjs --packages=external --sourcemap --outfile=dist/server.cjs

vite v6.4.2 building for production...
transforming...
✓ 1779 modules transformed.
✗ Build failed in 3.88s
error during build:
[vite:esbuild] Transform failed with 1 error:
/app/applet/src/components/SiswaLulusMutasiPanel.tsx:28:7: ERROR: Unexpected "interfaceany"
file: /app/applet/src/components/SiswaLulusMutasiPanel.tsx:28:7

Unexpected "interfaceany"
26 |  import { supabase, SantriData } from "../supabaseClient";
27 |  
28 |  export interfaceany {
   |         ^
29 |    id: any| number;
30 |    santri_id?: number;

    at failureErrorWithLog (/app/applet/node_modules/esbuild/lib/main.js:1467:15)
    at /app/applet/node_modules/esbuild/lib/main.js:736:50
    at responseCallbacks.<computed> (/app/applet/node_modules/esbuild/lib/main.js:603:9)
    at handleIncomingPacket (/app/applet/node_modules/esbuild/lib/main.js:658:12)
    at Socket.readFromStdout (/app/applet/node_modules/esbuild/lib/main.js:581:7)
    at Socket.emit (node:events:519:28)
    at addChunk (node:internal/streams/readable:561:12)
    at readableAddChunkPushByteMode (node:internal/streams/readable:512:3)
    at Readable.push (node:internal/streams/readable:392:5)
    at Pipe.onStreamRead (node:internal/stream_base_commons:189:23)
