src/App.tsx(14,8): error TS2300: Duplicate identifier 'ManajemenSesiPanel'.
src/App.tsx(17,8): error TS2300: Duplicate identifier 'ManajemenSesiPanel'.
src/App.tsx(206,44): error TS2339: Property 'nik' does not exist on type 'SantriData'.
src/App.tsx(242,15): error TS2339: Property 'nik' does not exist on type 'SantriData'.
src/App.tsx(254,49): error TS2339: Property 'nik' does not exist on type 'SantriData'.
src/App.tsx(734,23): error TS2339: Property 'no_hp_ortu' does not exist on type '{ id?: number; created_at?: string; kategori?: "SMP" | "SMA" | "Reguler"; nama_lengkap?: string; jenis_kelamin?: "L" | "P"; kamar?: string; kelas_pengajian?: string; kelas_sekolah?: string; status?: "Aktif" | ... 2 more ... | "Haid"; nfc_id?: string; foto?: string; }'.
src/App.tsx(744,23): error TS2339: Property 'no_hp_ortu' does not exist on type '{ id?: number; created_at?: string; kategori?: "SMP" | "SMA" | "Reguler"; nama_lengkap?: string; jenis_kelamin?: "L" | "P"; kamar?: string; kelas_pengajian?: string; kelas_sekolah?: string; status?: "Aktif" | ... 2 more ... | "Haid"; nfc_id?: string; foto?: string; }'.
src/App.tsx(776,23): error TS2339: Property 'no_hp_ortu' does not exist on type '{ id?: number; created_at?: string; kategori?: "SMP" | "SMA" | "Reguler"; nama_lengkap?: string; jenis_kelamin?: "L" | "P"; kamar?: string; kelas_pengajian?: string; kelas_sekolah?: string; status?: "Aktif" | ... 2 more ... | "Haid"; nfc_id?: string; foto?: string; }'.
src/App.tsx(786,23): error TS2339: Property 'no_hp_ortu' does not exist on type '{ id?: number; created_at?: string; kategori?: "SMP" | "SMA" | "Reguler"; nama_lengkap?: string; jenis_kelamin?: "L" | "P"; kamar?: string; kelas_pengajian?: string; kelas_sekolah?: string; status?: "Aktif" | ... 2 more ... | "Haid"; nfc_id?: string; foto?: string; }'.
src/App.tsx(907,52): error TS2339: Property 'nik' does not exist on type 'SantriData'.
src/App.tsx(917,88): error TS2339: Property 'nik' does not exist on type 'SantriData'.
src/App.tsx(966,38): error TS2339: Property 'nik' does not exist on type 'SantriData'.
src/App.tsx(1053,34): error TS2339: Property 'nik' does not exist on type 'SantriData'.
src/App.tsx(1053,55): error TS2339: Property 'nik' does not exist on type 'SantriData'.
src/App.tsx(1064,31): error TS2339: Property 'nik' does not exist on type 'SantriData'.
src/App.tsx(1064,50): error TS2339: Property 'nik' does not exist on type 'SantriData'.
src/App.tsx(1183,43): error TS2339: Property 'nik' does not exist on type 'SantriData'.
src/App.tsx(1183,56): error TS2339: Property 'nik' does not exist on type 'SantriData'.
src/App.tsx(1241,13): error TS2339: Property 'nik' does not exist on type 'SantriData'.
src/App.tsx(1241,46): error TS2339: Property 'nik' does not exist on type 'SantriData'.
src/App.tsx(1242,13): error TS2339: Property 'nisn' does not exist on type 'SantriData'.
src/App.tsx(1242,48): error TS2339: Property 'nisn' does not exist on type 'SantriData'.
src/App.tsx(2623,19): error TS2322: Type '{ onSubmit: (data: SantriData) => Promise<{ success: boolean; error?: string; }>; isSubmitting: boolean; initialData: SantriData; rooms: string[]; recitationClasses: string[]; schoolClasses: string[]; students: SantriData[]; onCancel: () => void; }' is not assignable to type 'IntrinsicAttributes & RegistrationFormProps'.
  Property 'rooms' does not exist on type 'IntrinsicAttributes & RegistrationFormProps'.
src/App.tsx(2791,14): error TS2367: This comparison appears to be unintentional because the types '"perizinan" | "form" | "list" | "absensi" | "dashboard" | "absensi_guru" | "perizinan_sakit" | "perizinan_sambang" | "perizinan_haid" | "perizinan_riwayat" | "rekap_sholat" | ... 19 more ... | "management"' and '"rekap_jurnal"' have no overlap.
src/App.tsx(2799,14): error TS2367: This comparison appears to be unintentional because the types '"perizinan" | "form" | "list" | "absensi" | "dashboard" | "absensi_guru" | "perizinan_sakit" | "perizinan_sambang" | "perizinan_haid" | "perizinan_riwayat" | "rekap_sholat" | ... 19 more ... | "management"' and '"rekap_absensi"' have no overlap.
src/App.tsx(2807,14): error TS2367: This comparison appears to be unintentional because the types '"perizinan" | "form" | "list" | "absensi" | "dashboard" | "absensi_guru" | "perizinan_sakit" | "perizinan_sambang" | "perizinan_haid" | "perizinan_riwayat" | "rekap_sholat" | ... 19 more ... | "management"' and '"jurnal_pengajian"' have no overlap.
src/components/JurnalPengajianPanel.tsx(525,73): error TS2339: Property 'nisn' does not exist on type 'SantriData'.
src/components/JurnalPengajianPanel.tsx(525,88): error TS2339: Property 'nik' does not exist on type 'SantriData'.
src/components/ManagementPanel.tsx(109,44): error TS2339: Property 'nik' does not exist on type 'SantriData'.
src/components/ManagementPanel.tsx(291,28): error TS2339: Property 'nik' does not exist on type 'SantriData'.
src/components/ManagementPanel.tsx(649,68): error TS2339: Property 'nik' does not exist on type 'SantriData'.
src/components/ManagementPanel.tsx(652,42): error TS2339: Property 'nik' does not exist on type 'SantriData'.
src/components/ManagementPanel.tsx(654,54): error TS2339: Property 'nik' does not exist on type 'SantriData'.
src/components/ManagementPanel.tsx(753,44): error TS2339: Property 'nik' does not exist on type 'SantriData'.
src/components/ManagementPanel.tsx(764,50): error TS2339: Property 'nik' does not exist on type 'SantriData'.
src/components/ManajemenSekolahPanel.tsx(518,42): error TS2339: Property 'nik' does not exist on type 'SantriData'.
src/components/ManajemenSekolahPanel.tsx(662,70): error TS2339: Property 'nik' does not exist on type 'SantriData'.
src/components/ManajemenSekolahPanel.tsx(665,57): error TS2339: Property 'nik' does not exist on type 'SantriData'.
src/components/ManajemenSekolahPanel.tsx(667,56): error TS2339: Property 'nik' does not exist on type 'SantriData'.
src/components/ManajemenSekolahPanel.tsx(750,63): error TS2339: Property 'nik' does not exist on type 'SantriData'.
src/components/ManajemenSekolahPanel.tsx(758,52): error TS2339: Property 'nik' does not exist on type 'SantriData'.
src/components/NfcRegisterPanel.tsx(49,21): error TS2339: Property 'nama_panggilan' does not exist on type 'SantriData'.
src/components/NfcRegisterPanel.tsx(76,36): error TS2339: Property 'nik' does not exist on type 'SantriData'.
src/components/NfcRegisterPanel.tsx(76,44): error TS2339: Property 'nik' does not exist on type 'SantriData'.
src/components/NfcRegisterPanel.tsx(89,39): error TS2339: Property 'nama_panggilan' does not exist on type 'SantriData'.
src/components/NfcRegisterPanel.tsx(89,82): error TS2339: Property 'nama_panggilan' does not exist on type 'SantriData'.
src/components/NfcRegisterPanel.tsx(280,79): error TS2339: Property 'nik' does not exist on type 'SantriData'.
src/components/NfcRegisterPanel.tsx(289,43): error TS2339: Property 'nik' does not exist on type 'SantriData'.
src/components/NfcRegisterPanel.tsx(297,99): error TS2339: Property 'nik' does not exist on type 'SantriData'.
src/components/NfcRegisterPanel.tsx(297,108): error TS2339: Property 'nik' does not exist on type 'SantriData'.
src/components/NfcRegisterPanel.tsx(337,12): error TS2339: Property 'nama_panggilan' does not exist on type 'SantriData'.
src/components/NfcRegisterPanel.tsx(338,12): error TS2339: Property 'nik' does not exist on type 'SantriData'.
src/components/NfcRegisterPanel.tsx(387,9): error TS2339: Property 'nama_panggilan' does not exist on type 'SantriData'.
src/components/NfcRegisterPanel.tsx(547,50): error TS2339: Property 'nik' does not exist on type 'SantriData'.
src/components/NfcRegisterPanel.tsx(667,95): error TS2339: Property 'nik' does not exist on type 'SantriData'.
src/components/NfcRegisterPanel.tsx(670,56): error TS2339: Property 'nik' does not exist on type 'SantriData'.
src/components/NfcRegisterPanel.tsx(698,50): error TS2339: Property 'nik' does not exist on type 'SantriData'.
src/components/NfcRegisterPanel.tsx(698,95): error TS2339: Property 'nik' does not exist on type 'SantriData'.
src/components/NfcRegisterPanel.tsx(752,50): error TS2339: Property 'nik' does not exist on type 'SantriData'.
src/components/NfcRegisterPanel.tsx(752,115): error TS2339: Property 'nik' does not exist on type 'SantriData'.
src/components/NfcRegisterPanel.tsx(905,110): error TS2339: Property 'nama_panggilan' does not exist on type 'SantriData'.
src/components/PelanggaranPanel.tsx(714,46): error TS2339: Property 'nik' does not exist on type 'SantriData'.
src/components/PerizinanPanel.tsx(163,19): error TS2339: Property 'no_hp_ortu' does not exist on type 'SantriData'.
src/components/PerizinanPanel.tsx(164,29): error TS2339: Property 'no_hp_ortu' does not exist on type 'SantriData'.
src/components/PerizinanPanel.tsx(166,19): error TS2339: Property 'nama_ayah' does not exist on type 'SantriData'.
src/components/PerizinanPanel.tsx(168,34): error TS2339: Property 'nama_ayah' does not exist on type 'SantriData'.
src/components/PerizinanPanel.tsx(169,26): error TS2339: Property 'nama_ibu' does not exist on type 'SantriData'.
src/components/PerizinanPanel.tsx(171,34): error TS2339: Property 'nama_ibu' does not exist on type 'SantriData'.
src/components/PerizinanPanel.tsx(215,16): error TS2339: Property 'nik' does not exist on type 'SantriData'.
src/components/PerizinanPanel.tsx(215,25): error TS2339: Property 'nik' does not exist on type 'SantriData'.
src/components/PerizinanPanel.tsx(216,16): error TS2339: Property 'nisn' does not exist on type 'SantriData'.
src/components/PerizinanPanel.tsx(216,26): error TS2339: Property 'nisn' does not exist on type 'SantriData'.
src/components/PerizinanPanel.tsx(466,13): error TS2339: Property 'daerah' does not exist on type 'SantriData'.
src/components/PerizinanPanel.tsx(466,31): error TS2339: Property 'daerah' does not exist on type 'SantriData'.
src/components/PerizinanPanel.tsx(567,34): error TS2339: Property 'daerah' does not exist on type 'SantriData'.
src/components/PerizinanPanel.tsx(1171,10): error TS2339: Property 'nama_panggilan' does not exist on type 'SantriData'.
src/components/PerizinanPanel.tsx(1173,10): error TS2339: Property 'nik' does not exist on type 'SantriData'.
src/components/PerizinanPanel.tsx(1174,10): error TS2339: Property 'nisn' does not exist on type 'SantriData'.
src/components/PerizinanPanel.tsx(1717,52): error TS2339: Property 'nik' does not exist on type 'SantriData'.
src/components/PerizinanPanel.tsx(1906,52): error TS2339: Property 'nik' does not exist on type 'SantriData'.
src/components/PerizinanPanel.tsx(2035,50): error TS2339: Property 'nik' does not exist on type 'SantriData'.
src/components/PresensiPanel.tsx(560,47): error TS2339: Property 'nama_panggilan' does not exist on type 'SantriData'.
src/components/PresensiPanel.tsx(575,33): error TS2339: Property 'no_hp_ortu' does not exist on type 'SantriData'.
src/components/PresensiPanel.tsx(575,54): error TS2339: Property 'no_hp_ortu' does not exist on type 'SantriData'.
src/components/PresensiPanel.tsx(3340,48): error TS2339: Property 'no_hp_ortu' does not exist on type 'SantriData'.
src/components/PresensiPanel.tsx(3340,72): error TS2339: Property 'no_hp_ortu' does not exist on type 'SantriData'.
src/components/RekapAbsensiPengajianPanel.tsx(68,40): error TS2339: Property 'nama_sesi' does not exist on type '{ nama_sesi: any; }[]'.
src/components/SantriList.tsx(209,9): error TS2339: Property 'nama_panggilan' does not exist on type 'SantriData'.
src/components/SantriList.tsx(210,9): error TS2339: Property 'nik' does not exist on type 'SantriData'.
src/components/SantriList.tsx(211,10): error TS2339: Property 'nisn' does not exist on type 'SantriData'.
src/components/SantriList.tsx(211,20): error TS2339: Property 'nisn' does not exist on type 'SantriData'.
src/components/SantriList.tsx(212,10): error TS2339: Property 'npsn' does not exist on type 'SantriData'.
src/components/SantriList.tsx(212,20): error TS2339: Property 'npsn' does not exist on type 'SantriData'.
src/components/SantriList.tsx(215,55): error TS2339: Property 'daerah' does not exist on type 'SantriData'.
src/components/SantriList.tsx(243,65): error TS2339: Property 'daerah' does not exist on type 'SantriData'.
src/components/SantriList.tsx(285,13): error TS2339: Property 'nama_panggilan' does not exist on type 'SantriData'.
src/components/SantriList.tsx(286,13): error TS2339: Property 'nik' does not exist on type 'SantriData'.
src/components/SantriList.tsx(287,9): error TS2339: Property 'nisn' does not exist on type 'SantriData'.
src/components/SantriList.tsx(287,22): error TS2339: Property 'nisn' does not exist on type 'SantriData'.
src/components/SantriList.tsx(288,9): error TS2339: Property 'npsn' does not exist on type 'SantriData'.
src/components/SantriList.tsx(288,22): error TS2339: Property 'npsn' does not exist on type 'SantriData'.
src/components/SantriList.tsx(292,9): error TS2339: Property 'tempat_lahir' does not exist on type 'SantriData'.
src/components/SantriList.tsx(293,9): error TS2339: Property 'tanggal_lahir' does not exist on type 'SantriData'.
src/components/SantriList.tsx(294,13): error TS2339: Property 'alamat' does not exist on type 'SantriData'.
src/components/SantriList.tsx(295,9): error TS2339: Property 'rt' does not exist on type 'SantriData'.
src/components/SantriList.tsx(296,9): error TS2339: Property 'rw' does not exist on type 'SantriData'.
src/components/SantriList.tsx(297,9): error TS2339: Property 'desa_kelurahan' does not exist on type 'SantriData'.
src/components/SantriList.tsx(298,9): error TS2339: Property 'kecamatan' does not exist on type 'SantriData'.
src/components/SantriList.tsx(299,9): error TS2339: Property 'kabupaten_kota' does not exist on type 'SantriData'.
src/components/SantriList.tsx(300,9): error TS2339: Property 'provinsi' does not exist on type 'SantriData'.
src/components/SantriList.tsx(301,13): error TS2339: Property 'nama_ayah' does not exist on type 'SantriData'.
src/components/SantriList.tsx(302,13): error TS2339: Property 'nama_ibu' does not exist on type 'SantriData'.
src/components/SantriList.tsx(303,14): error TS2339: Property 'no_hp_ortu' does not exist on type 'SantriData'.
src/components/SantriList.tsx(304,13): error TS2339: Property 'kelompok_sambung' does not exist on type 'SantriData'.
src/components/SantriList.tsx(305,13): error TS2339: Property 'desa_sambung' does not exist on type 'SantriData'.
src/components/SantriList.tsx(306,9): error TS2339: Property 'daerah' does not exist on type 'SantriData'.
src/components/SantriList.tsx(643,48): error TS2339: Property 'nik' does not exist on type 'SantriData'.
src/components/SantriList.tsx(669,62): error TS2339: Property 'npsn' does not exist on type 'SantriData'.
src/components/SantriList.tsx(669,71): error TS2339: Property 'nisn' does not exist on type 'SantriData'.
src/components/SantriList.tsx(669,82): error TS2339: Property 'nik' does not exist on type 'SantriData'.
src/components/SantriList.tsx(844,188): error TS2339: Property 'nik' does not exist on type 'SantriData'.
src/components/SantriList.tsx(844,223): error TS2339: Property 'nik' does not exist on type 'SantriData'.
src/components/SantriList.tsx(956,55): error TS2339: Property 'nisn' does not exist on type 'SantriData'.
src/components/SantriList.tsx(956,79): error TS2339: Property 'npsn' does not exist on type 'SantriData'.
src/components/SantriList.tsx(1091,93): error TS2339: Property 'npsn' does not exist on type 'SantriData'.
src/components/SantriList.tsx(1091,116): error TS2339: Property 'nisn' does not exist on type 'SantriData'.
src/components/SantriList.tsx(1099,100): error TS2339: Property 'nik' does not exist on type 'SantriData'.
src/components/SantriList.tsx(1103,122): error TS2339: Property 'daerah' does not exist on type 'SantriData'.
src/components/SantriList.tsx(1109,94): error TS2339: Property 'kelompok_sambung' does not exist on type 'SantriData'.
src/components/SantriList.tsx(1109,131): error TS2339: Property 'desa_sambung' does not exist on type 'SantriData'.
src/components/SiswaLulusMutasiPanel.tsx(202,14): error TS2339: Property 'nama_panggilan' does not exist on type 'SantriData'.
src/components/SiswaLulusMutasiPanel.tsx(202,34): error TS2339: Property 'nama_panggilan' does not exist on type 'SantriData'.
src/components/SiswaLulusMutasiPanel.tsx(203,13): error TS2339: Property 'nik' does not exist on type 'SantriData'.
src/components/SiswaLulusMutasiPanel.tsx(204,14): error TS2339: Property 'nisn' does not exist on type 'SantriData'.
src/components/SiswaLulusMutasiPanel.tsx(204,24): error TS2339: Property 'nisn' does not exist on type 'SantriData'.
src/components/SiswaLulusMutasiPanel.tsx(226,46): error TS2339: Property 'nik' does not exist on type 'SantriData'.
src/components/SiswaLulusMutasiPanel.tsx(231,26): error TS2339: Property 'nik' does not exist on type 'SantriData'.
src/components/SiswaLulusMutasiPanel.tsx(232,27): error TS2339: Property 'nisn' does not exist on type 'SantriData'.
src/components/SiswaLulusMutasiPanel.tsx(243,55): error TS2339: Property 'nik' does not exist on type 'SantriData'.
src/components/SiswaLulusMutasiPanel.tsx(245,24): error TS2339: Property 'nik' does not exist on type 'SantriData'.
src/components/SiswaLulusMutasiPanel.tsx(246,25): error TS2339: Property 'nisn' does not exist on type 'SantriData'.
src/components/SiswaLulusMutasiPanel.tsx(285,16): error TS2339: Property 'nik' does not exist on type 'SantriData'.
src/components/SiswaLulusMutasiPanel.tsx(288,65): error TS2339: Property 'nik' does not exist on type 'SantriData'.
src/components/SiswaLulusMutasiPanel.tsx(309,40): error TS2339: Property 'nik' does not exist on type 'SantriData'.
src/components/SiswaLulusMutasiPanel.tsx(312,41): error TS2339: Property 'nisn' does not exist on type 'SantriData'.
src/components/SiswaLulusMutasiPanel.tsx(1021,52): error TS2339: Property 'nik' does not exist on type 'SantriData'.
src/components/SiswaLulusMutasiPanel.tsx(1025,46): error TS2339: Property 'nik' does not exist on type 'SantriData'.
src/components/SiswaLulusMutasiPanel.tsx(1026,47): error TS2339: Property 'nisn' does not exist on type 'SantriData'.
src/components/SiswaLulusMutasiPanel.tsx(1030,77): error TS2339: Property 'nik' does not exist on type 'SantriData'.
src/components/SiswaLulusMutasiPanel.tsx(1041,45): error TS2339: Property 'nik' does not exist on type 'SantriData'.
src/components/SiswaLulusMutasiPanel.tsx(1065,119): error TS2339: Property 'nik' does not exist on type 'SantriData'.
src/components/SiswaLulusMutasiPanel.tsx(1159,23): error TS2339: Property 'nik' does not exist on type 'SantriData'.
src/components/SiswaLulusMutasiPanel.tsx(1163,48): error TS2339: Property 'nik' does not exist on type 'SantriData'.
src/components/SiswaLulusMutasiPanel.tsx(1174,41): error TS2339: Property 'nik' does not exist on type 'SantriData'.
src/supabaseClient.ts(69,5): error TS2353: Object literal may only specify known properties, and 'nama_panggilan' does not exist in type 'SantriData'.
src/supabaseClient.ts(69,35): error TS2339: Property 'nama_panggilan' does not exist on type 'SantriData'.
src/supabaseClient.ts(70,33): error TS2339: Property 'tempat_lahir' does not exist on type 'SantriData'.
src/supabaseClient.ts(71,27): error TS2339: Property 'alamat' does not exist on type 'SantriData'.
src/supabaseClient.ts(72,35): error TS2339: Property 'desa_kelurahan' does not exist on type 'SantriData'.
src/supabaseClient.ts(73,30): error TS2339: Property 'kecamatan' does not exist on type 'SantriData'.
src/supabaseClient.ts(74,35): error TS2339: Property 'kabupaten_kota' does not exist on type 'SantriData'.
src/supabaseClient.ts(75,29): error TS2339: Property 'provinsi' does not exist on type 'SantriData'.
src/supabaseClient.ts(76,30): error TS2339: Property 'nama_ayah' does not exist on type 'SantriData'.
src/supabaseClient.ts(77,29): error TS2339: Property 'nama_ibu' does not exist on type 'SantriData'.
src/supabaseClient.ts(78,37): error TS2339: Property 'kelompok_sambung' does not exist on type 'SantriData'.
src/supabaseClient.ts(79,33): error TS2339: Property 'desa_sambung' does not exist on type 'SantriData'.
src/supabaseClient.ts(80,27): error TS2339: Property 'daerah' does not exist on type 'SantriData'.
src/supabaseClient.ts(88,19): error TS2339: Property 'no_hp_ortu' does not exist on type 'SantriData'.
